{"hast":{"type":"root","children":[{"type":"element","tagName":"h1","properties":{"id":"title"},"children":[{"type":"element","tagName":"a","properties":{"href":"#title"},"children":[{"type":"text","value":"Title","position":{"start":{"line":2,"column":3,"offset":3},"end":{"line":2,"column":8,"offset":8}}}]}],"position":{"start":{"line":2,"column":1,"offset":1},"end":{"line":2,"column":8,"offset":8}}},{"type":"text","value":"\n"},{"type":"element","tagName":"h2","properties":{"id":"section-1"},"children":[{"type":"element","tagName":"a","properties":{"href":"#section-1"},"children":[{"type":"text","value":"Section 1","position":{"start":{"line":3,"column":4,"offset":12},"end":{"line":3,"column":13,"offset":21}}}]}],"position":{"start":{"line":3,"column":1,"offset":9},"end":{"line":3,"column":13,"offset":21}}},{"type":"text","value":"\n"},{"type":"element","tagName":"p","properties":{},"children":[{"type":"text","value":"Content 1","position":{"start":{"line":4,"column":1,"offset":22},"end":{"line":4,"column":10,"offset":31}}}],"position":{"start":{"line":4,"column":1,"offset":22},"end":{"line":4,"column":10,"offset":31}}},{"type":"text","value":"\n"},{"type":"element","tagName":"h3","properties":{"id":"subsection-11"},"children":[{"type":"element","tagName":"a","properties":{"href":"#subsection-11"},"children":[{"type":"text","value":"Subsection 1.1","position":{"start":{"line":5,"column":5,"offset":36},"end":{"line":5,"column":19,"offset":50}}}]}],"position":{"start":{"line":5,"column":1,"offset":32},"end":{"line":5,"column":19,"offset":50}}},{"type":"text","value":"\n"},{"type":"element","tagName":"p","properties":{},"children":[{"type":"text","value":"Content 1.1","position":{"start":{"line":6,"column":1,"offset":51},"end":{"line":6,"column":12,"offset":62}}}],"position":{"start":{"line":6,"column":1,"offset":51},"end":{"line":6,"column":12,"offset":62}}},{"type":"text","value":"\n"},{"type":"element","tagName":"h2","properties":{"id":"section-2"},"children":[{"type":"element","tagName":"a","properties":{"href":"#section-2"},"children":[{"type":"text","value":"Section 2","position":{"start":{"line":7,"column":4,"offset":66},"end":{"line":7,"column":13,"offset":75}}}]}],"position":{"start":{"line":7,"column":1,"offset":63},"end":{"line":7,"column":13,"offset":75}}},{"type":"text","value":"\n"},{"type":"element","tagName":"p","properties":{},"children":[{"type":"text","value":"Content 2","position":{"start":{"line":8,"column":1,"offset":76},"end":{"line":8,"column":10,"offset":85}}}],"position":{"start":{"line":8,"column":1,"offset":76},"end":{"line":8,"column":10,"offset":85}}}],"position":{"start":{"line":1,"column":1,"offset":0},"end":{"line":9,"column":1,"offset":86}}},"toc":[{"level":2,"id":"section-1","text":"Section 1"},{"level":3,"id":"subsection-11","text":"Subsection 1.1"},{"level":2,"id":"section-2","text":"Section 2"}]}
